------------------------------------------------------------
Timing Analyzer Summary
------------------------------------------------------------

Type  : Slow 1200mV 85C Model Setup 'out'
Slack : -4.545
TNS   : -46.073

Type  : Slow 1200mV 85C Model Hold 'out'
Slack : 2.220
TNS   : 0.000

Type  : Slow 1200mV 85C Model Minimum Pulse Width 'out'
Slack : -3.000
TNS   : -19.836

Type  : Slow 1200mV 85C Model Minimum Pulse Width 'loadA'
Slack : -3.000
TNS   : -14.224

Type  : Slow 1200mV 85C Model Minimum Pulse Width 'loadB'
Slack : -3.000
TNS   : -14.224

Type  : Slow 1200mV 0C Model Setup 'out'
Slack : -4.108
TNS   : -41.675

Type  : Slow 1200mV 0C Model Hold 'out'
Slack : 2.051
TNS   : 0.000

Type  : Slow 1200mV 0C Model Minimum Pulse Width 'out'
Slack : -3.000
TNS   : -19.836

Type  : Slow 1200mV 0C Model Minimum Pulse Width 'loadA'
Slack : -3.000
TNS   : -14.224

Type  : Slow 1200mV 0C Model Minimum Pulse Width 'loadB'
Slack : -3.000
TNS   : -14.224

Type  : Fast 1200mV 0C Model Setup 'out'
Slack : -1.370
TNS   : -13.033

Type  : Fast 1200mV 0C Model Hold 'out'
Slack : 0.968
TNS   : 0.000

Type  : Fast 1200mV 0C Model Minimum Pulse Width 'out'
Slack : -3.000
TNS   : -16.440

Type  : Fast 1200mV 0C Model Minimum Pulse Width 'loadA'
Slack : -3.000
TNS   : -12.967

Type  : Fast 1200mV 0C Model Minimum Pulse Width 'loadB'
Slack : -3.000
TNS   : -12.664

------------------------------------------------------------
