------------------------------------------------------------
Timing Analyzer Summary
------------------------------------------------------------

Type  : Slow 1200mV 85C Model Setup 'clk'
Slack : -4.267
TNS   : -50.384

Type  : Slow 1200mV 85C Model Setup 'row[0]'
Slack : -3.778
TNS   : -35.867

Type  : Slow 1200mV 85C Model Setup 'keypad_input:comb_3|keypad_base:keypad_base|nclk:keypad_clock_divider|clk_out'
Slack : -1.851
TNS   : -11.242

Type  : Slow 1200mV 85C Model Hold 'row[0]'
Slack : -0.155
TNS   : -0.301

Type  : Slow 1200mV 85C Model Hold 'keypad_input:comb_3|keypad_base:keypad_base|nclk:keypad_clock_divider|clk_out'
Slack : 0.378
TNS   : 0.000

Type  : Slow 1200mV 85C Model Hold 'clk'
Slack : 0.419
TNS   : 0.000

Type  : Slow 1200mV 85C Model Minimum Pulse Width 'row[0]'
Slack : -3.000
TNS   : -82.744

Type  : Slow 1200mV 85C Model Minimum Pulse Width 'clk'
Slack : -3.000
TNS   : -40.881

Type  : Slow 1200mV 85C Model Minimum Pulse Width 'keypad_input:comb_3|keypad_base:keypad_base|nclk:keypad_clock_divider|clk_out'
Slack : -1.403
TNS   : -11.224

Type  : Slow 1200mV 0C Model Setup 'clk'
Slack : -3.874
TNS   : -43.260

Type  : Slow 1200mV 0C Model Setup 'row[0]'
Slack : -3.479
TNS   : -32.205

Type  : Slow 1200mV 0C Model Setup 'keypad_input:comb_3|keypad_base:keypad_base|nclk:keypad_clock_divider|clk_out'
Slack : -1.668
TNS   : -9.904

Type  : Slow 1200mV 0C Model Hold 'row[0]'
Slack : -0.274
TNS   : -0.606

Type  : Slow 1200mV 0C Model Hold 'keypad_input:comb_3|keypad_base:keypad_base|nclk:keypad_clock_divider|clk_out'
Slack : 0.339
TNS   : 0.000

Type  : Slow 1200mV 0C Model Hold 'clk'
Slack : 0.387
TNS   : 0.000

Type  : Slow 1200mV 0C Model Minimum Pulse Width 'row[0]'
Slack : -3.000
TNS   : -76.865

Type  : Slow 1200mV 0C Model Minimum Pulse Width 'clk'
Slack : -3.000
TNS   : -40.881

Type  : Slow 1200mV 0C Model Minimum Pulse Width 'keypad_input:comb_3|keypad_base:keypad_base|nclk:keypad_clock_divider|clk_out'
Slack : -1.403
TNS   : -11.224

Type  : Fast 1200mV 0C Model Setup 'row[0]'
Slack : -1.563
TNS   : -15.760

Type  : Fast 1200mV 0C Model Setup 'clk'
Slack : -1.305
TNS   : -5.763

Type  : Fast 1200mV 0C Model Setup 'keypad_input:comb_3|keypad_base:keypad_base|nclk:keypad_clock_divider|clk_out'
Slack : -0.737
TNS   : -2.647

Type  : Fast 1200mV 0C Model Hold 'row[0]'
Slack : -0.141
TNS   : -0.385

Type  : Fast 1200mV 0C Model Hold 'clk'
Slack : 0.166
TNS   : 0.000

Type  : Fast 1200mV 0C Model Hold 'keypad_input:comb_3|keypad_base:keypad_base|nclk:keypad_clock_divider|clk_out'
Slack : 0.166
TNS   : 0.000

Type  : Fast 1200mV 0C Model Minimum Pulse Width 'row[0]'
Slack : -3.000
TNS   : -45.552

Type  : Fast 1200mV 0C Model Minimum Pulse Width 'clk'
Slack : -3.000
TNS   : -30.864

Type  : Fast 1200mV 0C Model Minimum Pulse Width 'keypad_input:comb_3|keypad_base:keypad_base|nclk:keypad_clock_divider|clk_out'
Slack : -1.000
TNS   : -8.000

------------------------------------------------------------
